/nfs/project/denovo/xianliti/clustering/result2/test/qsub-sge.pl
/nfs/onegene/project/RNA/108/DGE/bin/qsub-sge.pl
/nfs/onegene/user/1gene/hanxl/01.population_pipeline_test/2.population_GATK_new/GATK/qsub-sge.pl
/nfs/onegene/user/1gene/hanxl/Filter_data_strict_genome/qsub-sge.pl
/nfs/onegene/user/1gene/hanxl/home_dir/compute/qsub-sge.pl
/nfs/onegene/user/1gene/charles/bin/qsub-sge.pl
/nfs/pipe/ReSeq_IndividualAutoPip_SOAP/qsub-sge.pl
/nfs/pipe/RNA/RNA-seq/old_version/functional/qsub-sge.pl
/nfs/pipe/RNA/RNA-seq/old_version/qsub-sge.pl
/nfs/pipe/RNA/RNA-seq/version1/functional/qsub-sge.pl
/nfs/pipe/RNA/RNA-seq/version1/qsub-sge.pl
/nfs/pipe/RNA/RNA-seq/backup_version1/functional/qsub-sge.pl
/nfs/pipe/RNA/RNA-seq/backup_version1/qsub-sge.pl
/nfs/pipe/RNA/RNA-SmallRNA/RNA-SmallRNA_version0/bin/qsub-sge.pl
/nfs/pipe/RNA/RNA-SmallRNA/RNA-SmallRNA_version0/qsub-sge.pl
/nfs/pipe/RNA/RNA-LncRNA/RNA-LncRNA_version0/bin/Annotation/pre_miRNA/qsub-sge.pl
/nfs/pipe/RNA/RNA-LncRNA/RNA-LncRNA_version0/bin/multiSampleModule/qsub-sge.pl
/nfs/pipe/RNA/RNA-LncRNA/RNA-LncRNA_version0/bin/qsub-sge.pl
/nfs/pipe/RNA/RNA-LncRNA/RNA-LncRNA_version0/bin/simpleSampleModule/qsub-sge.pl
/nfs/pipe/RNA/RNA-ref/RNAref/functional/blast2annot/qsub-sge.pl
/nfs/pipe/RNA/RNA-ref/RNAref/functional/qsub-sge.pl
/nfs/pipe/RNA/RNA-ref/RNAref/snp/qsub-sge.pl
/nfs/pipe/RNA/RNA-ref/RNAref/qsub-sge.pl
/nfs/pipe/RNA/RNA-ref/version1/functional/blast2annot/qsub-sge.pl
/nfs/pipe/RNA/RNA-ref/version1/functional/qsub-sge.pl
/nfs/pipe/RNA/RNA-ref/version1/snp/qsub-sge.pl
/nfs/pipe/RNA/RNA-ref/version1/qsub-sge.pl
/nfs/pipe/RNA/RNA-ref/backup_version1/functional/blast2annot/qsub-sge.pl
/nfs/pipe/RNA/RNA-Denovo/RNA-Denovo_version1.1/snp/individual_snp/qsub-sge.pl
/nfs/pipe/RNA/RNA-Denovo/RNA-Denovo_version1.1/qsub-sge.pl
/nfs/pipe/RNA/RNA-Denovo/RNA-Denovo_version0/my_lib/database_bin/bin/qsub-sge.pl
/nfs/pipe/RNA/RNA-Denovo/RNA-Denovo_version0/snp/individual_snp/qsub-sge.pl
/nfs/pipe/RNA/RNA-Denovo/RNA-Denovo_version0/qsub-sge.pl
/nfs/pipe/RNA/RNA-Denovo/RNA-Denovo_version1.0/snp/individual_snp/qsub-sge.pl
/nfs/pipe/RNA/RNA-Denovo/RNA-Denovo_version1.0/qsub-sge.pl
/nfs/pipe/Resequencing/Filter_data_strict_genome/qsub-sge.pl
/nfs/pipe/Resequencing/1.population_GATK/qsub-sge.pl
/nfs/pipe/Resequencing/Backup/Filter_data_strict_genome/qsub-sge.pl
/nfs/pipe/Resequencing/Backup/1.population_GATK/qsub-sge.pl
/nfs/pipe/genomics/Bit/Annotation/software/common-bin/qsub-sge.pl
/nfs/pipe/genomics/Bit/Annotation/common_bin/qsub-sge.pl
/nfs/pipe/genomics/Bit/Annotation/qiufeng/common_bin/bak/homolog.clean.bak/qsub-sge.pl
/nfs/pipe/genomics/Bit/Annotation/qiufeng/common_bin/self/run.Glean/bin/qsub-sge.pl
/nfs/pipe/genomics/Bit/Annotation/qiufeng/common_bin/qsub-multi/qsub-sge.pl
/nfs/pipe/genomics/Bit/Annotation/01.gene_finding/denovo-predict/bin_dev/qsub-sge.pl
/nfs/pipe/genomics/Bit/Annotation/01.gene_finding/glean-gene/new_glean/bin/qsub-sge.pl
/nfs/pipe/genomics/Bit/Annotation/01.gene_finding/protein-map-genome/bin/bin/qsub-sge.pl
/nfs/pipe/genomics/Bit/Annotation/01.gene_finding/protein-map-genome/bin/qsub-sge.pl
/nfs/pipe/genomics/Bit/Annotation/03.repeat_finding/build_lib/qsub-sge.pl
/nfs/pipe/genomics/Bit/Annotation/00.paranoid_qianwb/bin/qsub-sge.pl
/nfs/pipe/genomics/Bit/Annotation/05.RNAseq_annlysis/perfect_gene/qsub-sge.pl
/nfs/pipe/genomics/Bit/Annotation/bin/qsub-sge.pl
/nfs/pipe/genomics/Bit/DNA/pairwise_kaks/qsub-sge.pl
/nfs/pipe/genomics/Bit/DNA/LTR_InsertTime/old_version/V1.5/qsub-sge.pl
/nfs/pipe/genomics/Bit/DNA/LTR_InsertTime/V2.0/qsub-sge.pl
/nfs/pipe/genomics/Bit/DNA/common_bin/qsub-sge.pl
/nfs/pipe/genomics/Bit/Evolution/Animal/02.phylogeny_v1.1/bin/qsub-sge.pl
/nfs/pipe/genomics/Bit/Evolution/Animal/05.divergence_time/bin/qsub-sge.pl
/nfs/pipe/genomics/Bit/Evolution/Animal/03.lastz_v1.1/bin/qsub-sge.pl
/nfs/pipe/genomics/Bit/Evolution/Animal/01.gene_families_v1.3/bin/qsub-sge.pl
/nfs/pipe/genomics/Bit/Evolution/Animal/04_WGAC_Pipe_v1.3/lib/qsub-sge.pl
/nfs/pipe/genomics/Bit/Evolution/Animal/CAFE2.1_20120108/Bin/qsub-sge.pl
/nfs/pipe/genomics/Bit/Evolution/Evolution/01.sd_wgac/lib/qsub-sge.pl
/nfs/pipe/genomics/Bit/Evolution/Evolution/01.wgac_wenbin/lib/qsub-sge.pl
/nfs/pipe/genomics/Bit/Evolution/Evolution/02.synteny_zyl/qsub-sge.pl
/nfs/pipe/genomics/Bit/Evolution/Evolution/09.ortholog-NetAxt/qsub-sge.pl
/nfs/pipe/genomics/Bit/Evolution/Plant/01.gene_family/bin/job_sge/qsub-sge.pl
/nfs/pipe/genomics/Bit/Evolution/Plant/05.4dTv/bin/4dtv/qsub-sge.pl
/nfs/pipe/genomics/Bit/Evolution/Plant/05.4dTv/bin/muscle/qsub-sge.pl
/nfs/pipe/genomics/Bit/Evolution/Plant/05.4dTv/bin/blast_MCscan/qsub-sge.pl
/nfs/pipe/genomics/Bit/Evolution/Plant/03.Phylogeny/bin/qsub-sge.pl
/nfs/pipe/genomics/Bit/Evolution/Plant/01.Orthomcl/bin/qsub-sge.pl
/nfs/pipe/genomics/Bit/Evolution/Plant/04.Divergence_time/bin/qsub-sge.pl
/nfs/pipe/genomics/Bit/Evolution/Plant/04.Divergence_time/bin/archives/qsub-sge.pl
/nfs/pipe/genomics/Bit/Evolution/Plant/CAFE2.1_20120108/Bin/qsub-sge.pl
/nfs/pipe/genomics/Bit/Evolution/Plant/02.Cluster_stat/bin/qsub-sge.pl
/nfs/pipe/genomics/Bit/toolkit/common_bin/qsub-sge.pl
/nfs/pipe/genomics/Bit/Assembly/common_script/qsub-sge.pl
/nfs/pipe/genomics/Bit/Assembly/EST_pipeline/qsub-sge.pl
/nfs/pipe/genomics/Bit/Assembly/Filter_data/qsub-sge.pl
/nfs/pipe/genomics/Bit/Assembly/KGF/SRkgf_unite/stat2/qsub-sge.pl
/nfs/pipe/genomics/Bit/Assembly/KGF/SRkgf_v1.06_2/stat2/qsub-sge.pl
/nfs/pipe/genomics/Bit/Assembly/KGF/SRkgf/stat2/qsub-sge.pl
/nfs/pipe/genomics/Bit/Assembly/KGF/krskgf_0624_2/stat2/qsub-sge.pl
/nfs/pipe/genomics/Bit/Assembly/KGF/SRkgf_0624_2/stat2/qsub-sge.pl
/nfs/pipe/genomics/Bit/Assembly/KGF/krskgf/stat2/qsub-sge.pl
/nfs/pipe/genomics/Bit/Assembly/KGF/krskgf_0624/stat2/qsub-sge.pl
/nfs/pipe/genomics/Bit/Assembly/KGF/SRkgf_0613/stat2/qsub-sge.pl
/nfs/pipe/genomics/Bit/Assembly/KGF/krskgf_0613/stat2/qsub-sge.pl
/nfs/pipe/genomics/Bit/Assembly/KGF/SRkgf_v1.06/stat2/qsub-sge.pl
/nfs/pipe/genomics/Bit/Assembly/KGF/SRkgf_0624/stat2/qsub-sge.pl
/nfs/pipe/genomics/Bit/Assembly/KGF/krskgf_0615/stat2/qsub-sge.pl
/nfs/pipe/genomics/Bit/Assembly/KGF/SRkgf_0615/stat2/qsub-sge.pl
/nfs/pipe/genomics/Bit/bin/popBin/command/qsub-sge.pl
/nfs/pipe/genomics/Bit/bin/RADbin/stacks-0.9991/scripts/qsub-sge.pl
/nfs/pipe/genomics/Bit/bin/RADbin/qsub-sge.pl
/nfs/pipe/genomics/Bit/bin/02.pipe/SRkgf_unite/stat2/qsub-sge.pl
/nfs/pipe/genomics/Bit/bin/02.pipe/RNAdenovo/Denovo_Pipeline.3.0/snp/individual_snp/qsub-sge.pl
/nfs/pipe/genomics/Bit/bin/02.pipe/RNAdenovo/Denovo_Pipeline.3.0/qsub-sge.pl
/nfs/pipe/genomics/Bit/bin/02.pipe/RNAdenovo/Denovo_Pipeline.2.1/snp/individual_snp/qsub-sge.pl
/nfs/pipe/genomics/Bit/bin/02.pipe/RNAdenovo/Denovo_Pipeline.2.1/qsub-sge.pl
/nfs/pipe/genomics/Bit/bin/02.pipe/RNAdenovo/database/bin/qsub-sge.pl
/nfs/pipe/genomics/Bit/bin/02.pipe/RNAref/RNAref_Pipeline.2.0/SOAPals/qsub-sge.pl
/nfs/pipe/genomics/Bit/bin/02.pipe/RNAref/RNAref_Pipeline.2.0/snp/individual_snp/qsub-sge.pl
/nfs/pipe/genomics/Bit/bin/02.pipe/RNAref/RNAref_Pipeline.2.0/qsub-sge.pl
/nfs/pipe/genomics/Bit/bin/02.pipe/RNAref/RNAref_Pipeline.1.0/ko_go/qsub-sge.pl
/nfs/pipe/genomics/Bit/bin/02.pipe/RNAref/RNAref_Pipeline.1.0/snp/individual_snp/qsub-sge.pl
/nfs/pipe/genomics/Bit/bin/02.pipe/RNAref/RNAref_Pipeline.1.0/qsub-sge.pl
/nfs/pipe/genomics/Bit/bin/02.pipe/DNA/pairwise_kaks/qsub-sge.pl
/nfs/pipe/genomics/Bit/bin/02.pipe/DNA/LTR_InsertTime/old_version/V1.5/qsub-sge.pl
/nfs/pipe/genomics/Bit/bin/02.pipe/DNA/LTR_InsertTime/V2.0/qsub-sge.pl
/nfs/pipe/genomics/Bit/bin/02.pipe/DNA/LTR_InsertTime/bin/qsub-sge.pl
/nfs/pipe/genomics/Bit/bin/02.pipe/DNA/common_bin/qsub-sge.pl
/nfs/pipe/genomics/Bit/bin/02.pipe/krskgf_131011/stat2/qsub-sge.pl
/nfs/pipe/genomics/Bit/bin/02.pipe/cegma_evaluate/bin/qsub-sge.pl
/nfs/pipe/genomics/Bit/bin/02.pipe/adhore/01.bin/4dtv_calculate/qsub-sge.pl
/nfs/pipe/genomics/Bit/bin/02.pipe/adhore/01.bin/qsub-sge.pl
/nfs/pipe/ReSeq_IndividualAutoPip_SOAP.bak/qsub-sge.pl
/nfs/pipe/Chip-seq/EPI_ChIP-seq_MEDAP_version2.0.2/bin/qsub-sge.pl
/nfs/pipe/RAD/Stacks/04.pipe/stacks-wangtingting/qsub-sge.pl
/nfs/pipe/RAD/marker4joinmap/qsub-sge.pl
